Git Initialization:

C:\Users\Krish\Desktop\project_auth>git init
Initialized empty Git repository in C:/Users/Krish/Desktop/project_auth/.git/

C:\Users\Krish\Desktop\project_auth>git remote add origin https://github.com/krishnas6795/auth_project.git

C:\Users\Krish\Desktop\project_auth>git remote -v
origin  https://github.com/krishnas6795/auth_project.git (fetch)
origin  https://github.com/krishnas6795/auth_project.git (push) 

C:\Users\Krish\Desktop\project_auth>git add .

C:\Users\Krish\Desktop\project_auth>git pull origin main
fatal: couldn't find remote ref main

C:\Users\Krish\Desktop\project_auth>git pull origin master
remote: Enumerating objects: 5, done.
remote: Counting objects: 100% (5/5), done.
remote: Compressing objects: 100% (5/5), done.
remote: Total 5 (delta 0), reused 0 (delta 0), pack-reused 0
Unpacking objects: 100% (5/5), 3.97 KiB | 55.00 KiB/s, done.
From https://github.com/krishnas6795/auth_project
 * branch            master     -> FETCH_HEAD
 * [new branch]      master     -> origin/master

C:\Users\Krish\Desktop\project_auth>git add .

C:\Users\Krish\Desktop\project_auth>git status
On branch master
Changes to be committed:
  (use "git restore --staged <file>..." to unstage)
        new file:   Notes.txt


C:\Users\Krish\Desktop\project_auth>git commit -m "Added Notes file."
[master 81323bd] Added Notes file.
 1 file changed, 3 insertions(+)
 create mode 100644 Notes.txt

C:\Users\Krish\Desktop\project_auth>git push origin master
Enumerating objects: 4, done.
Counting objects: 100% (4/4), done.
Delta compression using up to 4 threads
Compressing objects: 100% (2/2), done.
Writing objects: 100% (3/3), 382 bytes | 382.00 KiB/s, done.
Total 3 (delta 0), reused 0 (delta 0), pack-reused 0
To https://github.com/krishnas6795/auth_project.git
   6dee113..81323bd  master -> master


Creating Virtual env
C:\Users\Krish\Desktop\project_auth>virtualenv auth-env
created virtual environment CPython3.8.5.final.0-32 in 4054ms
  creator CPython3Windows(dest=C:\Users\Krish\Desktop\project_auth\auth-env, clear=False, no_vcs_ignore=False, global=False)
  seeder FromAppData(download=False, pip=bundle, setuptools=bundle, wheel=bundle, via=copy, app_data_dir=C:\Users\Krish\AppData\Local\pypa\virtualenv)
    added seed packages: pip==23.0.1, setuptools==67.4.0, wheel==0.38.4
  activators BashActivator,BatchActivator,FishActivator,NushellActivator,PowerShellActivator,PythonActivator

C:\Users\Krish\Desktop\project_auth>auth-env\Scripts\activate

(auth-env) C:\Users\Krish\Desktop\project_auth>

